
> server@1.0.0 dev
> nodemon index.js

[33m[nodemon] 3.1.10[39m
[33m[nodemon] to restart at any time, enter `rs`[39m
[33m[nodemon] watching path(s): *.*[39m
[33m[nodemon] watching extensions: js,mjs,cjs,json[39m
[32m[nodemon] starting `node index.js`[39m
[dotenv@17.2.3] injecting env (6) from .env -- tip: ⚙️  load multiple .env files with { path: ['.env.local', '.env'] }
[dotenv@17.2.3] injecting env (0) from .env -- tip: ⚙️  write to custom object with { processEnv: myObject }
C:\Users\Dhruv\OneDrive\Desktop\Work\management-system\server\routes\userRoutes.js:141
}
^

SyntaxError: missing ) after argument list
    at wrapSafe (node:internal/modules/cjs/loader:1662:18)
    at Module._compile (node:internal/modules/cjs/loader:1704:20)
    at Object..js (node:internal/modules/cjs/loader:1895:10)
    at Module.load (node:internal/modules/cjs/loader:1465:32)
    at Function._load (node:internal/modules/cjs/loader:1282:12)
    at TracingChannel.traceSync (node:diagnostics_channel:322:14)
    at wrapModuleLoad (node:internal/modules/cjs/loader:235:24)
    at Module.require (node:internal/modules/cjs/loader:1487:12)
    at require (node:internal/modules/helpers:135:16)
    at Object.<anonymous> (C:\Users\Dhruv\OneDrive\Desktop\Work\management-system\server\index.js:4:19)

Node.js v22.17.0
[31m[nodemon] app crashed - waiting for file changes before starting...[39m
[32m[nodemon] restarting due to changes...[39m
[32m[nodemon] starting `node index.js`[39m
[dotenv@17.2.3] injecting env (6) from .env -- tip: ⚙️  enable debug logging with { debug: true }
[dotenv@17.2.3] injecting env (0) from .env -- tip: ⚙️  override existing env vars with { override: true }
✅ Database connected successfully
Listening on port 3001
Error fetching staff: Error: Unknown column 'active' in 'field list'
    at PromisePool.query (C:\Users\Dhruv\OneDrive\Desktop\Work\management-system\server\node_modules\mysql2\lib\promise\pool.js:36:22)
    at C:\Users\Dhruv\OneDrive\Desktop\Work\management-system\server\routes\userRoutes.js:149:34
    at Layer.handleRequest (C:\Users\Dhruv\OneDrive\Desktop\Work\management-system\server\node_modules\router\lib\layer.js:152:17)
    at next (C:\Users\Dhruv\OneDrive\Desktop\Work\management-system\server\node_modules\router\lib\route.js:157:13)
    at C:\Users\Dhruv\OneDrive\Desktop\Work\management-system\server\middleware\authMiddleware.js:33:9
    at Layer.handleRequest (C:\Users\Dhruv\OneDrive\Desktop\Work\management-system\server\node_modules\router\lib\layer.js:152:17)
    at next (C:\Users\Dhruv\OneDrive\Desktop\Work\management-system\server\node_modules\router\lib\route.js:157:13)
    at C:\Users\Dhruv\OneDrive\Desktop\Work\management-system\server\middleware\authMiddleware.js:24:9
    at C:\Users\Dhruv\OneDrive\Desktop\Work\management-system\server\node_modules\jsonwebtoken\verify.js:261:12
    at getSecret (C:\Users\Dhruv\OneDrive\Desktop\Work\management-system\server\node_modules\jsonwebtoken\verify.js:97:14) {
  code: 'ER_BAD_FIELD_ERROR',
  errno: 1054,
  sql: "SELECT id, username, email, active, createdAt FROM users WHERE role = 'staff' ORDER BY createdAt DESC",
  sqlState: '42S22',
  sqlMessage: "Unknown column 'active' in 'field list'"
}
Error fetching staff: Error: Unknown column 'active' in 'field list'
    at PromisePool.query (C:\Users\Dhruv\OneDrive\Desktop\Work\management-system\server\node_modules\mysql2\lib\promise\pool.js:36:22)
    at C:\Users\Dhruv\OneDrive\Desktop\Work\management-system\server\routes\userRoutes.js:149:34
    at Layer.handleRequest (C:\Users\Dhruv\OneDrive\Desktop\Work\management-system\server\node_modules\router\lib\layer.js:152:17)
    at next (C:\Users\Dhruv\OneDrive\Desktop\Work\management-system\server\node_modules\router\lib\route.js:157:13)
    at C:\Users\Dhruv\OneDrive\Desktop\Work\management-system\server\middleware\authMiddleware.js:33:9
    at Layer.handleRequest (C:\Users\Dhruv\OneDrive\Desktop\Work\management-system\server\node_modules\router\lib\layer.js:152:17)
    at next (C:\Users\Dhruv\OneDrive\Desktop\Work\management-system\server\node_modules\router\lib\route.js:157:13)
    at C:\Users\Dhruv\OneDrive\Desktop\Work\management-system\server\middleware\authMiddleware.js:24:9
    at C:\Users\Dhruv\OneDrive\Desktop\Work\management-system\server\node_modules\jsonwebtoken\verify.js:261:12
    at getSecret (C:\Users\Dhruv\OneDrive\Desktop\Work\management-system\server\node_modules\jsonwebtoken\verify.js:97:14) {
  code: 'ER_BAD_FIELD_ERROR',
  errno: 1054,
  sql: "SELECT id, username, email, active, createdAt FROM users WHERE role = 'staff' ORDER BY createdAt DESC",
  sqlState: '42S22',
  sqlMessage: "Unknown column 'active' in 'field list'"
}
Error fetching staff: Error: Unknown column 'active' in 'field list'
    at PromisePool.query (C:\Users\Dhruv\OneDrive\Desktop\Work\management-system\server\node_modules\mysql2\lib\promise\pool.js:36:22)
    at C:\Users\Dhruv\OneDrive\Desktop\Work\management-system\server\routes\userRoutes.js:149:34
    at Layer.handleRequest (C:\Users\Dhruv\OneDrive\Desktop\Work\management-system\server\node_modules\router\lib\layer.js:152:17)
    at next (C:\Users\Dhruv\OneDrive\Desktop\Work\management-system\server\node_modules\router\lib\route.js:157:13)
    at C:\Users\Dhruv\OneDrive\Desktop\Work\management-system\server\middleware\authMiddleware.js:33:9
    at Layer.handleRequest (C:\Users\Dhruv\OneDrive\Desktop\Work\management-system\server\node_modules\router\lib\layer.js:152:17)
    at next (C:\Users\Dhruv\OneDrive\Desktop\Work\management-system\server\node_modules\router\lib\route.js:157:13)
    at C:\Users\Dhruv\OneDrive\Desktop\Work\management-system\server\middleware\authMiddleware.js:24:9
    at C:\Users\Dhruv\OneDrive\Desktop\Work\management-system\server\node_modules\jsonwebtoken\verify.js:261:12
    at getSecret (C:\Users\Dhruv\OneDrive\Desktop\Work\management-system\server\node_modules\jsonwebtoken\verify.js:97:14) {
  code: 'ER_BAD_FIELD_ERROR',
  errno: 1054,
  sql: "SELECT id, username, email, active, createdAt FROM users WHERE role = 'staff' ORDER BY createdAt DESC",
  sqlState: '42S22',
  sqlMessage: "Unknown column 'active' in 'field list'"
}
Error fetching staff: Error: Unknown column 'active' in 'field list'
    at PromisePool.query (C:\Users\Dhruv\OneDrive\Desktop\Work\management-system\server\node_modules\mysql2\lib\promise\pool.js:36:22)
    at C:\Users\Dhruv\OneDrive\Desktop\Work\management-system\server\routes\userRoutes.js:149:34
    at Layer.handleRequest (C:\Users\Dhruv\OneDrive\Desktop\Work\management-system\server\node_modules\router\lib\layer.js:152:17)
    at next (C:\Users\Dhruv\OneDrive\Desktop\Work\management-system\server\node_modules\router\lib\route.js:157:13)
    at C:\Users\Dhruv\OneDrive\Desktop\Work\management-system\server\middleware\authMiddleware.js:33:9
    at Layer.handleRequest (C:\Users\Dhruv\OneDrive\Desktop\Work\management-system\server\node_modules\router\lib\layer.js:152:17)
    at next (C:\Users\Dhruv\OneDrive\Desktop\Work\management-system\server\node_modules\router\lib\route.js:157:13)
    at C:\Users\Dhruv\OneDrive\Desktop\Work\management-system\server\middleware\authMiddleware.js:24:9
    at C:\Users\Dhruv\OneDrive\Desktop\Work\management-system\server\node_modules\jsonwebtoken\verify.js:261:12
    at getSecret (C:\Users\Dhruv\OneDrive\Desktop\Work\management-system\server\node_modules\jsonwebtoken\verify.js:97:14) {
  code: 'ER_BAD_FIELD_ERROR',
  errno: 1054,
  sql: "SELECT id, username, email, active, createdAt FROM users WHERE role = 'staff' ORDER BY createdAt DESC",
  sqlState: '42S22',
  sqlMessage: "Unknown column 'active' in 'field list'"
}
Error fetching staff: Error: Unknown column 'active' in 'field list'
    at PromisePool.query (C:\Users\Dhruv\OneDrive\Desktop\Work\management-system\server\node_modules\mysql2\lib\promise\pool.js:36:22)
    at C:\Users\Dhruv\OneDrive\Desktop\Work\management-system\server\routes\userRoutes.js:149:34
    at Layer.handleRequest (C:\Users\Dhruv\OneDrive\Desktop\Work\management-system\server\node_modules\router\lib\layer.js:152:17)
    at next (C:\Users\Dhruv\OneDrive\Desktop\Work\management-system\server\node_modules\router\lib\route.js:157:13)
    at C:\Users\Dhruv\OneDrive\Desktop\Work\management-system\server\middleware\authMiddleware.js:33:9
    at Layer.handleRequest (C:\Users\Dhruv\OneDrive\Desktop\Work\management-system\server\node_modules\router\lib\layer.js:152:17)
    at next (C:\Users\Dhruv\OneDrive\Desktop\Work\management-system\server\node_modules\router\lib\route.js:157:13)
    at C:\Users\Dhruv\OneDrive\Desktop\Work\management-system\server\middleware\authMiddleware.js:24:9
    at C:\Users\Dhruv\OneDrive\Desktop\Work\management-system\server\node_modules\jsonwebtoken\verify.js:261:12
    at getSecret (C:\Users\Dhruv\OneDrive\Desktop\Work\management-system\server\node_modules\jsonwebtoken\verify.js:97:14) {
  code: 'ER_BAD_FIELD_ERROR',
  errno: 1054,
  sql: "SELECT id, username, email, active, createdAt FROM users WHERE role = 'staff' ORDER BY createdAt DESC",
  sqlState: '42S22',
  sqlMessage: "Unknown column 'active' in 'field list'"
}
Error fetching staff: Error: Unknown column 'active' in 'field list'
    at PromisePool.query (C:\Users\Dhruv\OneDrive\Desktop\Work\management-system\server\node_modules\mysql2\lib\promise\pool.js:36:22)
    at C:\Users\Dhruv\OneDrive\Desktop\Work\management-system\server\routes\userRoutes.js:149:34
    at Layer.handleRequest (C:\Users\Dhruv\OneDrive\Desktop\Work\management-system\server\node_modules\router\lib\layer.js:152:17)
    at next (C:\Users\Dhruv\OneDrive\Desktop\Work\management-system\server\node_modules\router\lib\route.js:157:13)
    at C:\Users\Dhruv\OneDrive\Desktop\Work\management-system\server\middleware\authMiddleware.js:33:9
    at Layer.handleRequest (C:\Users\Dhruv\OneDrive\Desktop\Work\management-system\server\node_modules\router\lib\layer.js:152:17)
    at next (C:\Users\Dhruv\OneDrive\Desktop\Work\management-system\server\node_modules\router\lib\route.js:157:13)
    at C:\Users\Dhruv\OneDrive\Desktop\Work\management-system\server\middleware\authMiddleware.js:24:9
    at C:\Users\Dhruv\OneDrive\Desktop\Work\management-system\server\node_modules\jsonwebtoken\verify.js:261:12
    at getSecret (C:\Users\Dhruv\OneDrive\Desktop\Work\management-system\server\node_modules\jsonwebtoken\verify.js:97:14) {
  code: 'ER_BAD_FIELD_ERROR',
  errno: 1054,
  sql: "SELECT id, username, email, active, createdAt FROM users WHERE role = 'staff' ORDER BY createdAt DESC",
  sqlState: '42S22',
  sqlMessage: "Unknown column 'active' in 'field list'"
}
[32m[nodemon] restarting due to changes...[39m
[32m[nodemon] starting `node index.js`[39m
[dotenv@17.2.3] injecting env (6) from .env -- tip: 📡 add observability to secrets: https://dotenvx.com/ops
[dotenv@17.2.3] injecting env (0) from .env -- tip: ⚙️  load multiple .env files with { path: ['.env.local', '.env'] }
✅ Database connected successfully
Listening on port 3001
Error fetching staff: Error: Unknown column 'createdAt' in 'field list'
    at PromisePool.query (C:\Users\Dhruv\OneDrive\Desktop\Work\management-system\server\node_modules\mysql2\lib\promise\pool.js:36:22)
    at C:\Users\Dhruv\OneDrive\Desktop\Work\management-system\server\routes\userRoutes.js:149:34
    at Layer.handleRequest (C:\Users\Dhruv\OneDrive\Desktop\Work\management-system\server\node_modules\router\lib\layer.js:152:17)
    at next (C:\Users\Dhruv\OneDrive\Desktop\Work\management-system\server\node_modules\router\lib\route.js:157:13)
    at C:\Users\Dhruv\OneDrive\Desktop\Work\management-system\server\middleware\authMiddleware.js:33:9
    at Layer.handleRequest (C:\Users\Dhruv\OneDrive\Desktop\Work\management-system\server\node_modules\router\lib\layer.js:152:17)
    at next (C:\Users\Dhruv\OneDrive\Desktop\Work\management-system\server\node_modules\router\lib\route.js:157:13)
    at C:\Users\Dhruv\OneDrive\Desktop\Work\management-system\server\middleware\authMiddleware.js:24:9
    at C:\Users\Dhruv\OneDrive\Desktop\Work\management-system\server\node_modules\jsonwebtoken\verify.js:261:12
    at getSecret (C:\Users\Dhruv\OneDrive\Desktop\Work\management-system\server\node_modules\jsonwebtoken\verify.js:97:14) {
  code: 'ER_BAD_FIELD_ERROR',
  errno: 1054,
  sql: "SELECT id, username, email, createdAt FROM users WHERE role = 'staff' ORDER BY createdAt DESC",
  sqlState: '42S22',
  sqlMessage: "Unknown column 'createdAt' in 'field list'"
}
Error fetching staff: Error: Unknown column 'createdAt' in 'field list'
    at PromisePool.query (C:\Users\Dhruv\OneDrive\Desktop\Work\management-system\server\node_modules\mysql2\lib\promise\pool.js:36:22)
    at C:\Users\Dhruv\OneDrive\Desktop\Work\management-system\server\routes\userRoutes.js:149:34
    at Layer.handleRequest (C:\Users\Dhruv\OneDrive\Desktop\Work\management-system\server\node_modules\router\lib\layer.js:152:17)
    at next (C:\Users\Dhruv\OneDrive\Desktop\Work\management-system\server\node_modules\router\lib\route.js:157:13)
    at C:\Users\Dhruv\OneDrive\Desktop\Work\management-system\server\middleware\authMiddleware.js:33:9
    at Layer.handleRequest (C:\Users\Dhruv\OneDrive\Desktop\Work\management-system\server\node_modules\router\lib\layer.js:152:17)
    at next (C:\Users\Dhruv\OneDrive\Desktop\Work\management-system\server\node_modules\router\lib\route.js:157:13)
    at C:\Users\Dhruv\OneDrive\Desktop\Work\management-system\server\middleware\authMiddleware.js:24:9
    at C:\Users\Dhruv\OneDrive\Desktop\Work\management-system\server\node_modules\jsonwebtoken\verify.js:261:12
    at getSecret (C:\Users\Dhruv\OneDrive\Desktop\Work\management-system\server\node_modules\jsonwebtoken\verify.js:97:14) {
  code: 'ER_BAD_FIELD_ERROR',
  errno: 1054,
  sql: "SELECT id, username, email, createdAt FROM users WHERE role = 'staff' ORDER BY createdAt DESC",
  sqlState: '42S22',
  sqlMessage: "Unknown column 'createdAt' in 'field list'"
}
[32m[nodemon] restarting due to changes...[39m
[32m[nodemon] restarting due to changes...[39m
[32m[nodemon] starting `node index.js`[39m
[dotenv@17.2.3] injecting env (6) from .env -- tip: 🔐 prevent building .env in docker: https://dotenvx.com/prebuild
[dotenv@17.2.3] injecting env (0) from .env -- tip: ⚙️  suppress all logs with { quiet: true }
✅ Database connected successfully
Listening on port 3001
[32m[nodemon] restarting child process[39m
[32m[nodemon] starting `node index.js`[39m
[dotenv@17.2.3] injecting env (6) from .env -- tip: 📡 add observability to secrets: https://dotenvx.com/ops
[dotenv@17.2.3] injecting env (0) from .env -- tip: 🗂️ backup and recover secrets: https://dotenvx.com/ops
✅ Database connected successfully
Listening on port 3001
^C